this is test mail
